###############################################################################
#
# IAR ELF Linker V3.10.1.201 for STM8                     23/Mar/2020  14:01:48
# Copyright 2010-2017 IAR Systems AB.
#
#    Output file  =  
#        C:\Users\User\Documents\GitHub\servo_dmx\Debug\Exe\servo_dmx.out
#    Map file     =  
#        C:\Users\User\Documents\GitHub\servo_dmx\Debug\List\servo_dmx.map
#    Command line =  
#        -f C:\Users\User\AppData\Local\Temp\EWE030.tmp
#        (C:\Users\User\Documents\GitHub\servo_dmx\Debug\Obj\hal.o
#        C:\Users\User\Documents\GitHub\servo_dmx\Debug\Obj\main.o
#        C:\Users\User\Documents\GitHub\servo_dmx\Debug\Obj\protocol.o
#        C:\Users\User\Documents\GitHub\servo_dmx\Debug\Obj\spi.o
#        C:\Users\User\Documents\GitHub\servo_dmx\Debug\Obj\tim_pwm.o
#        C:\Users\User\Documents\GitHub\servo_dmx\Debug\Obj\uart.o --redirect
#        _Printf=_PrintfFullNoMb --redirect _Scanf=_ScanfFullNoMb -o
#        C:\Users\User\Documents\GitHub\servo_dmx\Debug\Exe\servo_dmx.out --map
#        C:\Users\User\Documents\GitHub\servo_dmx\Debug\List\servo_dmx.map
#        --config "C:\Program Files (x86)\IAR Systems\Embedded Workbench
#        8.0\stm8\config\lnkstm8s003f3.icf" --config_def _CSTACK_SIZE=0x100
#        --config_def _HEAP_SIZE=0x100 --entry __iar_program_start --debug_lib)
#
###############################################################################

*******************************************************************************
*** RUNTIME MODEL ATTRIBUTES
***

__SystemLibrary            = DLib
__code_model               = small
__core                     = stm8
__data_model               = medium
__dlib_file_descriptor     = 0
__dlib_full_locale_support = 0
__rt_version               = 4


*******************************************************************************
*** PLACEMENT SUMMARY
***

"A0":  place at start of [0x000000-0x0000ff] { rw section .vregs };
"A1":  place at end of [0x000000-0x0003ff] { block CSTACK };
"P2":  place in [from 0x000000 to 0x0003ff] {
          block HEAP, rw section __DLIB_PERTHREAD, rw section .far.bss,
          rw section .far.data, rw section .far.noinit,
          rw section .far_func.textrw, rw section .huge.bss,
          rw section .huge.data, rw section .huge.noinit,
          rw section .huge_func.textrw, rw section .iar.dynexit,
          rw section .near.bss, rw section .near.data, rw section .near.noinit,
          rw section .near_func.textrw };
"A2":  place at start of [0x008000-0x009fff] { block INTVEC };
"P3":  place in [from 0x008000 to 0x009fff] {
          ro section __DLIB_PERTHREAD_init, ro section .far.data_init,
          ro section .far_func.textrw_init, ro section .huge.data_init,
          ro section .huge_func.textrw_init, ro section .iar.init_table,
          ro section .init_array, ro section .near.data_init,
          ro section .near.rodata, ro section .near_func.text,
          ro section .near_func.textrw_init, ro section .tiny.data_init,
          ro section .tiny.rodata_init };
"P4":  place in [from 0x008000 to 0x009fff] {
          ro section .far.rodata, ro section .far_func.text };
"P5":  place in [from 0x008000 to 0x009fff] {
          ro section .huge.rodata, ro section .huge_func.text };
do not initialize {
   rw section .eeprom.noinit, rw section .far.noinit, rw section .huge.noinit,
   rw section .near.noinit, rw section .tiny.noinit, rw section .vregs };
initialize by copy {
   rw section .far.bss, rw section .far.data, rw section .far_func.textrw,
   rw section .huge.bss, rw section .huge.data, rw section .huge_func.textrw,
   rw section .iar.dynexit, rw section .near.bss, rw section .near.data,
   rw section .near_func.textrw, rw section .tiny.bss, rw section .tiny.data,
   ro section .tiny.rodata };

  Section            Kind      Address   Size  Object
  -------            ----      -------   ----  ------
"A0":                                     0xc
  .vregs             uninit   0x000000    0xc  vregs.o [4]
                            - 0x00000c    0xc

"P2", part 1 of 2:                        0x1
  P2-1                        0x00000c    0x1  <Init block>
    .near.data       inited   0x00000c    0x1  spi.o [1]
                            - 0x00000d    0x1

"P2", part 2 of 2:                       0x38
  .near.bss          zero     0x00000d   0x10  uart.o [1]
  .near.bss          zero     0x00001d   0x10  uart.o [1]
  .near.bss          zero     0x00002d   0x10  uart.o [1]
  .near.bss          zero     0x00003d    0x2  spi.o [1]
  .near.bss          zero     0x00003f    0x2  spi.o [1]
  .near.bss          zero     0x000041    0x1  uart.o [1]
  .near.bss          zero     0x000042    0x1  uart.o [1]
  .near.bss          zero     0x000043    0x1  uart.o [1]
  .near.bss          zero     0x000044    0x1  uart.o [1]
                            - 0x000045   0x38

"A1":                                   0x100
  CSTACK                      0x000300  0x100  <Block>
    CSTACK           uninit   0x000300  0x100  <Block tail>
                            - 0x000400  0x100

Absolute sections, part 1 of 11:          0x1
  .near.noinit       uninit   0x005000    0x1  main.o [1]
                            - 0x005001    0x1

Absolute sections, part 2 of 11:          0x2
  .near.noinit       uninit   0x005002    0x1  main.o [1]
  .near.noinit       uninit   0x005003    0x1  main.o [1]
                            - 0x005004    0x2

Absolute sections, part 3 of 11:          0x1
  .near.noinit       uninit   0x00500a    0x1  spi.o [1]
                            - 0x00500b    0x1

Absolute sections, part 4 of 11:          0x2
  .near.noinit       uninit   0x00500c    0x1  spi.o [1]
  .near.noinit       uninit   0x00500d    0x1  spi.o [1]
                            - 0x00500e    0x2

Absolute sections, part 5 of 11:          0x1
  .near.noinit       uninit   0x0050c6    0x1  main.o [1]
                            - 0x0050c7    0x1

Absolute sections, part 6 of 11:          0x1
  .near.noinit       uninit   0x005200    0x1  spi.o [1]
                            - 0x005201    0x1

Absolute sections, part 7 of 11:          0x3
  .near.noinit       uninit   0x005202    0x1  spi.o [1]
  .near.noinit       uninit   0x005203    0x1  spi.o [1]
  .near.noinit       uninit   0x005204    0x1  spi.o [1]
                            - 0x005205    0x3

Absolute sections, part 8 of 11:          0x2
  .near.noinit       uninit   0x005230    0x1  uart.o [1]
  .near.noinit       uninit   0x005231    0x1  uart.o [1]
                            - 0x005232    0x2

Absolute sections, part 9 of 11:          0x1
  .near.noinit       uninit   0x005235    0x1  uart.o [1]
                            - 0x005236    0x1

Absolute sections, part 10 of 11:         0x1
  .near.noinit       uninit   0x005255    0x1  uart.o [1]
                            - 0x005256    0x1

Absolute sections, part 11 of 11:         0x2
  .near.noinit       uninit   0x00525e    0x1  uart.o [1]
  .near.noinit       uninit   0x00525f    0x1  uart.o [1]
                            - 0x005260    0x2

"A2":                                    0x80
  INTVEC                      0x008000   0x80  <Block>
    .intvec          const    0x008000   0x80  interrupt.o [4]
                            - 0x008080   0x80

"P3-P5":                                0x2f7
  .near_func.text    ro code  0x008080   0x61  vreg_util.o [4]
  .near_func.text    ro code  0x0080e1   0x57  spi.o [1]
  .near_func.text    ro code  0x008138   0x53  spi.o [1]
  .near_func.text    ro code  0x00818b   0x45  uart.o [1]
  .near_func.text    ro code  0x0081d0   0x3f  uart.o [1]
  .near_func.text    ro code  0x00820f   0x3b  uart.o [1]
  .near_func.text    ro code  0x00824a   0x39  main.o [1]
  .near_func.text    ro code  0x008283   0x28  init_small.o [4]
  .near_func.text    ro code  0x0082ab   0x24  main.o [1]
  .near_func.text    ro code  0x0082cf   0x24  spi.o [1]
  .iar.init_table    const    0x0082f3   0x12  - Linker created -
  .near_func.text    ro code  0x008305   0x1e  init_small.o [4]
  .near_func.text    ro code  0x008323   0x14  init.o [4]
  .near_func.text    ro code  0x008337   0x14  __dbg_xxexit.o [3]
  .near_func.text    ro code  0x00834b   0x13  cstartup.o [4]
  .near_func.text    ro code  0x00835e    0x6  char.o [4]
  .near_func.text    ro code  0x008364    0x5  cexit.o [4]
  .near_func.text    ro code  0x008369    0x3  interrupt.o [4]
  .near_func.text    ro code  0x00836c    0x3  low_level_init.o [4]
  .near_func.text    ro code  0x00836f    0x3  exit.o [4]
  .near_func.text    ro code  0x008372    0x3  unhandled_exception.o [4]
  .near_func.text    ro code  0x008375    0x1  __dbg_break.o [3]
  Initializer bytes  const    0x008376    0x1  <for P2-1>
                            - 0x008377  0x2f7


*******************************************************************************
*** INIT TABLE
***

          Address   Size
          -------   ----
Zero (__iar_zero_init2)
    1 destination range, total size 0x38:
          0x00000d  0x38

Copy (__iar_copy_init2)
    1 source range, total size 0x1:
          0x008376   0x1
    1 destination range, total size 0x1:
          0x00000c   0x1



*******************************************************************************
*** MODULE SUMMARY
***

    Module                 ro code  ro data  rw data  rw data
                                                       (abs)
    ------                 -------  -------  -------  -------
C:\Users\User\Documents\GitHub\servo_dmx\Debug\Obj: [1]
    main.o                      93                          4
    spi.o                      206        1        5        7
    uart.o                     191                52        6
    ---------------------------------------------------------
    Total:                     490        1       57       17

command line: [2]
    ---------------------------------------------------------
    Total:

dbgstm8smd.a: [3]
    __dbg_break.o                1
    __dbg_xxexit.o              20
    ---------------------------------------------------------
    Total:                      21

dlstm8smn.a: [4]
    cexit.o                      5
    char.o                       6
    cstartup.o                  19
    exit.o                       3
    init.o                      20
    init_small.o                70
    interrupt.o                  3      128
    low_level_init.o             3
    unhandled_exception.o        3
    vreg_util.o                 97
    vregs.o                                       12
    ---------------------------------------------------------
    Total:                     229      128       12

    Linker created                       18      256
-------------------------------------------------------------
    Grand Total:               740      147      325       17


*******************************************************************************
*** ENTRY LIST
***

Entry                    Address  Size  Type      Object
-----                    -------  ----  ----      ------
.iar.init_table$$Base   0x0082f3         --   Gb  - Linker created -
.iar.init_table$$Limit  0x008305         --   Gb  - Linker created -
?b0                     0x000000        Data  Gb  vregs.o [4]
?b1                     0x000001        Data  Gb  vregs.o [4]
?b10                    0x00000a        Data  Gb  vregs.o [4]
?b11                    0x00000b        Data  Gb  vregs.o [4]
?b2                     0x000002        Data  Gb  vregs.o [4]
?b3                     0x000003        Data  Gb  vregs.o [4]
?b4                     0x000004        Data  Gb  vregs.o [4]
?b5                     0x000005        Data  Gb  vregs.o [4]
?b6                     0x000006        Data  Gb  vregs.o [4]
?b7                     0x000007        Data  Gb  vregs.o [4]
?b8                     0x000008        Data  Gb  vregs.o [4]
?b9                     0x000009        Data  Gb  vregs.o [4]
?e0                     0x000001        Data  Gb  vregs.o [4]
?e1                     0x000005        Data  Gb  vregs.o [4]
?e2                     0x000009        Data  Gb  vregs.o [4]
?l0                     0x000000        Data  Gb  vregs.o [4]
?l1                     0x000004        Data  Gb  vregs.o [4]
?l2                     0x000008        Data  Gb  vregs.o [4]
?pop_l0                 0x0080ce        Code  Gb  vreg_util.o [4]
?pop_w0                 0x00809d        Code  Gb  vreg_util.o [4]
?push_l0                0x0080ac        Code  Gb  vreg_util.o [4]
?push_w0                0x008080        Code  Gb  vreg_util.o [4]
?push_w4                0x008085        Code  Gb  vreg_util.o [4]
?srl8_a_a_5             0x00835f        Code  Gb  char.o [4]
?srl8_a_a_6             0x00835e        Code  Gb  char.o [4]
?w0                     0x000000        Data  Gb  vregs.o [4]
?w1                     0x000002        Data  Gb  vregs.o [4]
?w2                     0x000004        Data  Gb  vregs.o [4]
?w3                     0x000006        Data  Gb  vregs.o [4]
?w4                     0x000008        Data  Gb  vregs.o [4]
?w5                     0x00000a        Data  Gb  vregs.o [4]
CSTACK$$Base            0x000300         --   Gb  - Linker created -
CSTACK$$Limit           0x000400         --   Gb  - Linker created -
INTVEC$$Base            0x008000         --   Gb  - Linker created -
INTVEC$$Limit           0x008080         --   Gb  - Linker created -
Region$$Table$$Base     0x0082f3         --   Gb  - Linker created -
Region$$Table$$Limit    0x008305         --   Gb  - Linker created -
SPI_DR                  0x005204   0x1  Data  Gb  spi.o [1]
SPI_init                0x008138  0x53  Code  Gb  spi.o [1]
TIM1_CNTRH              0x00525e   0x1  Data  Gb  uart.o [1]
TIM1_CNTRL              0x00525f   0x1  Data  Gb  uart.o [1]
UART1_DR                0x005231   0x1  Data  Gb  uart.o [1]
_A_CLK_CKDIVR           0x0050c6   0x1  Data  Gb  main.o [1]
_A_PA_CR1               0x005003   0x1  Data  Gb  main.o [1]
_A_PA_DDR               0x005002   0x1  Data  Gb  main.o [1]
_A_PA_ODR               0x005000   0x1  Data  Gb  main.o [1]
_A_PC_CR1               0x00500d   0x1  Data  Gb  spi.o [1]
_A_PC_DDR               0x00500c   0x1  Data  Gb  spi.o [1]
_A_PC_ODR               0x00500a   0x1  Data  Gb  spi.o [1]
_A_SPI_CR1              0x005200   0x1  Data  Gb  spi.o [1]
_A_SPI_ICR              0x005202   0x1  Data  Gb  spi.o [1]
_A_SPI_SR               0x005203   0x1  Data  Gb  spi.o [1]
_A_TIM1_SR1             0x005255   0x1  Data  Gb  uart.o [1]
_A_UART1_CR2            0x005235   0x1  Data  Gb  uart.o [1]
_A_UART1_SR             0x005230   0x1  Data  Gb  uart.o [1]
__DebugBreak            0x008375   0x1  Code  Gb  __dbg_break.o [3]
__exit                  0x008337  0x14  Code  Gb  __dbg_xxexit.o [3]
__iar_copy_init2        0x008283        Code  Gb  init_small.o [4]
__iar_data_init2        0x008323  0x14  Code  Gb  init.o [4]
__iar_program_start     0x00834b        Code  Gb  cstartup.o [4]
__iar_unhandled_exception
                        0x008372        Code  Gb  unhandled_exception.o [4]
__iar_zero_init2        0x008305        Code  Gb  init_small.o [4]
__intvec                0x008000        Data  Gb  interrupt.o [4]
__low_level_init        0x00836c   0x3  Code  Gb  low_level_init.o [4]
_exit                   0x008364        Code  Gb  cexit.o [4]
_interrupt_12           0x0080e1        Code  Gb  spi.o [1]
_interrupt_13           0x00820f        Code  Gb  uart.o [1]
_interrupt_19           0x0081d0        Code  Gb  uart.o [1]
_interrupt_20           0x00818b        Code  Gb  uart.o [1]
exit                    0x00836f   0x3  Code  Gb  exit.o [4]
field_send              0x00824a  0x39  Code  Gb  main.o [1]
main                    0x0082ab  0x24  Code  Gb  main.o [1]
parity                  0x0082cf  0x24  Code  Lc  spi.o [1]
rxbuf                   0x00000d  0x10  Data  Lc  uart.o [1]
rxbuf_ex                0x00002d  0x10  Data  Gb  uart.o [1]
rxhead                  0x000041   0x1  Data  Lc  uart.o [1]
rxshort                 0x00003d   0x2  Data  Lc  spi.o [1]
rxshort_ex              0x00003f   0x2  Data  Gb  spi.o [1]
rxtail                  0x000043   0x1  Data  Lc  uart.o [1]
spi_txe_rxne_interrupt  0x0080e1  0x57  Code  Gb  spi.o [1]
spi_txe_rxne_interrupt::i
                        0x00000c   0x1  Data  Lc  spi.o [1]
tim1_uart_handler       0x00820f  0x3b  Code  Gb  uart.o [1]
txbuf                   0x00001d  0x10  Data  Lc  uart.o [1]
txhead                  0x000044   0x1  Data  Lc  uart.o [1]
txtail                  0x000042   0x1  Data  Lc  uart.o [1]
uart_rxne_interrupt     0x00818b  0x45  Code  Gb  uart.o [1]
uart_txe_interrupt      0x0081d0  0x3f  Code  Gb  uart.o [1]


[1] = C:\Users\User\Documents\GitHub\servo_dmx\Debug\Obj
[2] = command line
[3] = dbgstm8smd.a
[4] = dlstm8smn.a

  740 bytes of readonly  code memory
  147 bytes of readonly  data memory
  325 bytes of readwrite data memory (+ 17 absolute)

Errors: none
Warnings: none
