###############################################################################
#
# IAR ELF Linker V3.10.1.201 for STM8                     23/Mar/2020  17:23:06
# Copyright 2010-2017 IAR Systems AB.
#
#    Output file  =  
#        C:\Users\User\Documents\GitHub\servo_dmx\Debug\Exe\servo_dmx.out
#    Map file     =  
#        C:\Users\User\Documents\GitHub\servo_dmx\Debug\List\servo_dmx.map
#    Command line =  
#        -f C:\Users\User\AppData\Local\Temp\EWDA5.tmp
#        (C:\Users\User\Documents\GitHub\servo_dmx\Debug\Obj\hal.o
#        C:\Users\User\Documents\GitHub\servo_dmx\Debug\Obj\main.o
#        C:\Users\User\Documents\GitHub\servo_dmx\Debug\Obj\protocol.o
#        C:\Users\User\Documents\GitHub\servo_dmx\Debug\Obj\spi.o
#        C:\Users\User\Documents\GitHub\servo_dmx\Debug\Obj\tim_pwm.o
#        C:\Users\User\Documents\GitHub\servo_dmx\Debug\Obj\uart.o --redirect
#        _Printf=_PrintfFullNoMb --redirect _Scanf=_ScanfFullNoMb -o
#        C:\Users\User\Documents\GitHub\servo_dmx\Debug\Exe\servo_dmx.out --map
#        C:\Users\User\Documents\GitHub\servo_dmx\Debug\List\servo_dmx.map
#        --config "C:\Program Files (x86)\IAR Systems\Embedded Workbench
#        8.0\stm8\config\lnkstm8s003f3.icf" --config_def _CSTACK_SIZE=0x100
#        --config_def _HEAP_SIZE=0x100 --entry __iar_program_start --debug_lib)
#
###############################################################################

*******************************************************************************
*** RUNTIME MODEL ATTRIBUTES
***

__SystemLibrary            = DLib
__code_model               = small
__core                     = stm8
__data_model               = medium
__dlib_file_descriptor     = 0
__dlib_full_locale_support = 0
__rt_version               = 4


*******************************************************************************
*** PLACEMENT SUMMARY
***

"A0":  place at start of [0x000000-0x0000ff] { rw section .vregs };
"A1":  place at end of [0x000000-0x0003ff] { block CSTACK };
"P2":  place in [from 0x000000 to 0x0003ff] {
          block HEAP, rw section __DLIB_PERTHREAD, rw section .far.bss,
          rw section .far.data, rw section .far.noinit,
          rw section .far_func.textrw, rw section .huge.bss,
          rw section .huge.data, rw section .huge.noinit,
          rw section .huge_func.textrw, rw section .iar.dynexit,
          rw section .near.bss, rw section .near.data, rw section .near.noinit,
          rw section .near_func.textrw };
"A2":  place at start of [0x008000-0x009fff] { block INTVEC };
"P3":  place in [from 0x008000 to 0x009fff] {
          ro section __DLIB_PERTHREAD_init, ro section .far.data_init,
          ro section .far_func.textrw_init, ro section .huge.data_init,
          ro section .huge_func.textrw_init, ro section .iar.init_table,
          ro section .init_array, ro section .near.data_init,
          ro section .near.rodata, ro section .near_func.text,
          ro section .near_func.textrw_init, ro section .tiny.data_init,
          ro section .tiny.rodata_init };
"P4":  place in [from 0x008000 to 0x009fff] {
          ro section .far.rodata, ro section .far_func.text };
"P5":  place in [from 0x008000 to 0x009fff] {
          ro section .huge.rodata, ro section .huge_func.text };
do not initialize {
   rw section .eeprom.noinit, rw section .far.noinit, rw section .huge.noinit,
   rw section .near.noinit, rw section .tiny.noinit, rw section .vregs };
initialize by copy {
   rw section .far.bss, rw section .far.data, rw section .far_func.textrw,
   rw section .huge.bss, rw section .huge.data, rw section .huge_func.textrw,
   rw section .iar.dynexit, rw section .near.bss, rw section .near.data,
   rw section .near_func.textrw, rw section .tiny.bss, rw section .tiny.data,
   ro section .tiny.rodata };

  Section            Kind      Address   Size  Object
  -------            ----      -------   ----  ------
"A0":                                     0xc
  .vregs             uninit   0x000000    0xc  vregs.o [4]
                            - 0x00000c    0xc

"P2", part 1 of 2:                        0x9
  P2-1                        0x00000c    0x9  <Init block>
    .near.data       inited   0x00000c    0x1  spi.o [1]
    .near.data       inited   0x00000d    0x2  tim_pwm.o [1]
    .near.data       inited   0x00000f    0x2  tim_pwm.o [1]
    .near.data       inited   0x000011    0x2  uart.o [1]
    .near.data       inited   0x000013    0x2  uart.o [1]
                            - 0x000015    0x9

"P2", part 2 of 2:                       0x39
  .near.bss          zero     0x000015   0x10  uart.o [1]
  .near.bss          zero     0x000025   0x10  uart.o [1]
  .near.bss          zero     0x000035   0x10  uart.o [1]
  .near.bss          zero     0x000045    0x2  spi.o [1]
  .near.bss          zero     0x000047    0x2  spi.o [1]
  .near.bss          zero     0x000049    0x1  protocol.o [1]
  .near.bss          zero     0x00004a    0x1  uart.o [1]
  .near.bss          zero     0x00004b    0x1  uart.o [1]
  .near.bss          zero     0x00004c    0x1  uart.o [1]
  .near.bss          zero     0x00004d    0x1  uart.o [1]
                            - 0x00004e   0x39

"A1":                                   0x100
  CSTACK                      0x000300  0x100  <Block>
    CSTACK           uninit   0x000300  0x100  <Block tail>
                            - 0x000400  0x100

Absolute sections, part 1 of 17:          0x1
  .near.noinit       uninit   0x005000    0x1  main.o [1]
                            - 0x005001    0x1

Absolute sections, part 2 of 17:          0x2
  .near.noinit       uninit   0x005002    0x1  main.o [1]
  .near.noinit       uninit   0x005003    0x1  main.o [1]
                            - 0x005004    0x2

Absolute sections, part 3 of 17:          0x1
  .near.noinit       uninit   0x00500a    0x1  spi.o [1]
                            - 0x00500b    0x1

Absolute sections, part 4 of 17:          0x2
  .near.noinit       uninit   0x00500c    0x1  spi.o [1]
  .near.noinit       uninit   0x00500d    0x1  spi.o [1]
                            - 0x00500e    0x2

Absolute sections, part 5 of 17:          0x3
  .near.noinit       uninit   0x005011    0x1  uart.o [1]
  .near.noinit       uninit   0x005012    0x1  uart.o [1]
  .near.noinit       uninit   0x005013    0x1  uart.o [1]
                            - 0x005014    0x3

Absolute sections, part 6 of 17:          0x1
  .near.noinit       uninit   0x0050c6    0x1  main.o [1]
                            - 0x0050c7    0x1

Absolute sections, part 7 of 17:          0x1
  .near.noinit       uninit   0x005200    0x1  spi.o [1]
                            - 0x005201    0x1

Absolute sections, part 8 of 17:          0x3
  .near.noinit       uninit   0x005202    0x1  spi.o [1]
  .near.noinit       uninit   0x005203    0x1  spi.o [1]
  .near.noinit       uninit   0x005204    0x1  spi.o [1]
                            - 0x005205    0x3

Absolute sections, part 9 of 17:          0x7
  .near.noinit       uninit   0x005230    0x1  uart.o [1]
  .near.noinit       uninit   0x005231    0x1  uart.o [1]
  .near.noinit       uninit   0x005232    0x1  uart.o [1]
  .near.noinit       uninit   0x005233    0x1  uart.o [1]
  .near.noinit       uninit   0x005234    0x1  uart.o [1]
  .near.noinit       uninit   0x005235    0x1  uart.o [1]
  .near.noinit       uninit   0x005236    0x1  uart.o [1]
                            - 0x005237    0x7

Absolute sections, part 10 of 17:         0x1
  .near.noinit       uninit   0x005250    0x1  uart.o [1]
                            - 0x005251    0x1

Absolute sections, part 11 of 17:         0x2
  .near.noinit       uninit   0x005254    0x1  uart.o [1]
  .near.noinit       uninit   0x005255    0x1  uart.o [1]
                            - 0x005256    0x2

Absolute sections, part 12 of 17:         0x6
  .near.noinit       uninit   0x00525e    0x1  uart.o [1]
  .near.noinit       uninit   0x00525f    0x1  uart.o [1]
  .near.noinit       uninit   0x005260    0x1  uart.o [1]
  .near.noinit       uninit   0x005261    0x1  uart.o [1]
  .near.noinit       uninit   0x005262    0x1  uart.o [1]
  .near.noinit       uninit   0x005263    0x1  uart.o [1]
                            - 0x005264    0x6

Absolute sections, part 13 of 17:         0x1
  .near.noinit       uninit   0x005300    0x1  tim_pwm.o [1]
                            - 0x005301    0x1

Absolute sections, part 14 of 17:         0x2
  .near.noinit       uninit   0x005303    0x1  tim_pwm.o [1]
  .near.noinit       uninit   0x005304    0x1  tim_pwm.o [1]
                            - 0x005305    0x2

Absolute sections, part 15 of 17:         0x1
  .near.noinit       uninit   0x005307    0x1  tim_pwm.o [1]
                            - 0x005308    0x1

Absolute sections, part 16 of 17:         0x1
  .near.noinit       uninit   0x00530a    0x1  tim_pwm.o [1]
                            - 0x00530b    0x1

Absolute sections, part 17 of 17:         0x7
  .near.noinit       uninit   0x00530c    0x1  tim_pwm.o [1]
  .near.noinit       uninit   0x00530d    0x1  tim_pwm.o [1]
  .near.noinit       uninit   0x00530e    0x1  tim_pwm.o [1]
  .near.noinit       uninit   0x00530f    0x1  tim_pwm.o [1]
  .near.noinit       uninit   0x005310    0x1  tim_pwm.o [1]
  .near.noinit       uninit   0x005311    0x1  tim_pwm.o [1]
  .near.noinit       uninit   0x005312    0x1  tim_pwm.o [1]
                            - 0x005313    0x7

"A2":                                    0x80
  INTVEC                      0x008000   0x80  <Block>
    .intvec          const    0x008000   0x80  interrupt.o [4]
                            - 0x008080   0x80

"P3-P5":                                0x593
  .near_func.text    ro code  0x008080   0xb9  vreg_util.o [4]
  .near_func.text    ro code  0x008139   0x8d  uart.o [1]
  .near_func.text    ro code  0x0081c6   0x7e  long.o [4]
  .near_func.text    ro code  0x008244   0x5b  spi.o [1]
  .near_func.text    ro code  0x00829f   0x4c  spi.o [1]
  .near_func.text    ro code  0x0082eb   0x4b  main.o [1]
  .near_func.text    ro code  0x008336   0x4b  tim_pwm.o [1]
  .near_func.text    ro code  0x008381   0x45  uart.o [1]
  .near_func.text    ro code  0x0083c6   0x44  uart.o [1]
  .near_func.text    ro code  0x00840a   0x3f  uart.o [1]
  .near_func.text    ro code  0x008449   0x3b  uart.o [1]
  .near_func.text    ro code  0x008484   0x37  uart.o [1]
  .near_func.text    ro code  0x0084bb   0x2c  spi.o [1]
  .near_func.text    ro code  0x0084e7   0x28  init_small.o [4]
  .near_func.text    ro code  0x00850f   0x24  spi.o [1]
  .near_func.text    ro code  0x008533   0x24  tim_pwm.o [1]
  .iar.init_table    const    0x008557   0x12  - Linker created -
  .near_func.text    ro code  0x008569   0x1e  init_small.o [4]
  .near_func.text    ro code  0x008587   0x1c  protocol.o [1]
  .near_func.text    ro code  0x0085a3   0x14  init.o [4]
  .near_func.text    ro code  0x0085b7   0x14  __dbg_xxexit.o [3]
  .near_func.text    ro code  0x0085cb   0x13  cstartup.o [4]
  .near_func.text    ro code  0x0085de    0xd  move.o [4]
  Initializer bytes  const    0x0085eb    0x9  <for P2-1>
  .near_func.text    ro code  0x0085f4    0x6  char.o [4]
  .near_func.text    ro code  0x0085fa    0x5  short.o [4]
  .near_func.text    ro code  0x0085ff    0x5  cexit.o [4]
  .near_func.text    ro code  0x008604    0x3  interrupt.o [4]
  .near_func.text    ro code  0x008607    0x3  low_level_init.o [4]
  .near_func.text    ro code  0x00860a    0x3  exit.o [4]
  .near_func.text    ro code  0x00860d    0x3  unhandled_exception.o [4]
  .near.rodata       const    0x008610    0x2  main.o [1]
  .near_func.text    ro code  0x008612    0x1  __dbg_break.o [3]
                            - 0x008613  0x593


*******************************************************************************
*** INIT TABLE
***

          Address   Size
          -------   ----
Zero (__iar_zero_init2)
    1 destination range, total size 0x39:
          0x000015  0x39

Copy (__iar_copy_init2)
    1 source range, total size 0x9:
          0x0085eb   0x9
    1 destination range, total size 0x9:
          0x00000c   0x9



*******************************************************************************
*** MODULE SUMMARY
***

    Module                 ro code  ro data  rw data  rw data
                                                       (abs)
    ------                 -------  -------  -------  -------
C:\Users\User\Documents\GitHub\servo_dmx\Debug\Obj: [1]
    main.o                      75        2                 4
    protocol.o                  28                 1
    spi.o                      247        1        5        7
    tim_pwm.o                  111        4        4       12
    uart.o                     455        4       56       19
    ---------------------------------------------------------
    Total:                     916       11       66       42

command line: [2]
    ---------------------------------------------------------
    Total:

dbgstm8smd.a: [3]
    __dbg_break.o                1
    __dbg_xxexit.o              20
    ---------------------------------------------------------
    Total:                      21

dlstm8smn.a: [4]
    cexit.o                      5
    char.o                       6
    cstartup.o                  19
    exit.o                       3
    init.o                      20
    init_small.o                70
    interrupt.o                  3      128
    long.o                     126
    low_level_init.o             3
    move.o                      13
    short.o                      5
    unhandled_exception.o        3
    vreg_util.o                185
    vregs.o                                       12
    ---------------------------------------------------------
    Total:                     461      128       12

    Linker created                       18      256
-------------------------------------------------------------
    Grand Total:             1 398      157      334       42


*******************************************************************************
*** ENTRY LIST
***

Entry                    Address  Size  Type      Object
-----                    -------  ----  ----      ------
.iar.init_table$$Base   0x008557         --   Gb  - Linker created -
.iar.init_table$$Limit  0x008569         --   Gb  - Linker created -
?b0                     0x000000        Data  Gb  vregs.o [4]
?b1                     0x000001        Data  Gb  vregs.o [4]
?b10                    0x00000a        Data  Gb  vregs.o [4]
?b11                    0x00000b        Data  Gb  vregs.o [4]
?b2                     0x000002        Data  Gb  vregs.o [4]
?b3                     0x000003        Data  Gb  vregs.o [4]
?b4                     0x000004        Data  Gb  vregs.o [4]
?b5                     0x000005        Data  Gb  vregs.o [4]
?b6                     0x000006        Data  Gb  vregs.o [4]
?b7                     0x000007        Data  Gb  vregs.o [4]
?b8                     0x000008        Data  Gb  vregs.o [4]
?b9                     0x000009        Data  Gb  vregs.o [4]
?e0                     0x000001        Data  Gb  vregs.o [4]
?e1                     0x000005        Data  Gb  vregs.o [4]
?e2                     0x000009        Data  Gb  vregs.o [4]
?epilogue_l2            0x008101        Code  Gb  vreg_util.o [4]
?l0                     0x000000        Data  Gb  vregs.o [4]
?l1                     0x000004        Data  Gb  vregs.o [4]
?l2                     0x000008        Data  Gb  vregs.o [4]
?mov_e0_e1              0x008108        Code  Gb  vreg_util.o [4]
?mov_e1_e0              0x008115        Code  Gb  vreg_util.o [4]
?mov_e1_e2              0x008122        Code  Gb  vreg_util.o [4]
?mov_e2_e0              0x00812f        Code  Gb  vreg_util.o [4]
?mov_l0_l1              0x008105        Code  Gb  vreg_util.o [4]
?mov_l1_l0              0x008112        Code  Gb  vreg_util.o [4]
?mov_l1_l2              0x00811f        Code  Gb  vreg_util.o [4]
?mov_l2_l0              0x00812c        Code  Gb  vreg_util.o [4]
?mov_w1_w3              0x00810b        Code  Gb  vreg_util.o [4]
?mov_w3_w1              0x008118        Code  Gb  vreg_util.o [4]
?mov_w3_w5              0x008125        Code  Gb  vreg_util.o [4]
?mov_w5_w1              0x008132        Code  Gb  vreg_util.o [4]
?move1616_v_x_y_a       0x0085de        Code  Gb  move.o [4]
?pop_l0                 0x0080d8        Code  Gb  vreg_util.o [4]
?pop_l1                 0x0080e3        Code  Gb  vreg_util.o [4]
?pop_l2                 0x0080ee        Code  Gb  vreg_util.o [4]
?pop_w0                 0x00809d        Code  Gb  vreg_util.o [4]
?push_l0                0x0080ac        Code  Gb  vreg_util.o [4]
?push_l1                0x0080b1        Code  Gb  vreg_util.o [4]
?push_l2                0x0080b6        Code  Gb  vreg_util.o [4]
?push_w0                0x008080        Code  Gb  vreg_util.o [4]
?push_w4                0x008085        Code  Gb  vreg_util.o [4]
?srl16_x_x_4            0x0085fa        Code  Gb  short.o [4]
?srl32_0x_0x_a          0x008236        Code  Gb  long.o [4]
?srl32_l0_l0_a          0x008233        Code  Gb  long.o [4]
?srl8_a_a_5             0x0085f5        Code  Gb  char.o [4]
?srl8_a_a_6             0x0085f4        Code  Gb  char.o [4]
?udiv32_l0_l0_l1        0x0081c6        Code  Gb  long.o [4]
?umod32_l1_l0_l1        0x0081c6        Code  Gb  long.o [4]
?w0                     0x000000        Data  Gb  vregs.o [4]
?w1                     0x000002        Data  Gb  vregs.o [4]
?w2                     0x000004        Data  Gb  vregs.o [4]
?w3                     0x000006        Data  Gb  vregs.o [4]
?w4                     0x000008        Data  Gb  vregs.o [4]
?w5                     0x00000a        Data  Gb  vregs.o [4]
CSTACK$$Base            0x000300         --   Gb  - Linker created -
CSTACK$$Limit           0x000400         --   Gb  - Linker created -
INTVEC$$Base            0x008000         --   Gb  - Linker created -
INTVEC$$Limit           0x008080         --   Gb  - Linker created -
Region$$Table$$Base     0x008557         --   Gb  - Linker created -
Region$$Table$$Limit    0x008569         --   Gb  - Linker created -
SPI_DR                  0x005204   0x1  Data  Gb  spi.o [1]
SPI_init                0x008244  0x5b  Code  Gb  spi.o [1]
TIM1_ARRH               0x005262   0x1  Data  Gb  uart.o [1]
TIM1_ARRL               0x005263   0x1  Data  Gb  uart.o [1]
TIM1_CNTRH              0x00525e   0x1  Data  Gb  uart.o [1]
TIM1_CNTRL              0x00525f   0x1  Data  Gb  uart.o [1]
TIM1_PSCRH              0x005260   0x1  Data  Gb  uart.o [1]
TIM1_PSCRL              0x005261   0x1  Data  Gb  uart.o [1]
TIM2_ARRH               0x00530f   0x1  Data  Gb  tim_pwm.o [1]
TIM2_ARRL               0x005310   0x1  Data  Gb  tim_pwm.o [1]
TIM2_CCR1H              0x005311   0x1  Data  Gb  tim_pwm.o [1]
TIM2_CCR1L              0x005312   0x1  Data  Gb  tim_pwm.o [1]
TIM2_CNTRH              0x00530c   0x1  Data  Gb  tim_pwm.o [1]
TIM2_CNTRL              0x00530d   0x1  Data  Gb  tim_pwm.o [1]
UART1_BRR1              0x005232   0x1  Data  Gb  uart.o [1]
UART1_BRR2              0x005233   0x1  Data  Gb  uart.o [1]
UART1_DR                0x005231   0x1  Data  Gb  uart.o [1]
UART_init               0x008139  0x8d  Code  Gb  uart.o [1]
_A_CLK_CKDIVR           0x0050c6   0x1  Data  Gb  main.o [1]
_A_PA_CR1               0x005003   0x1  Data  Gb  main.o [1]
_A_PA_DDR               0x005002   0x1  Data  Gb  main.o [1]
_A_PA_ODR               0x005000   0x1  Data  Gb  main.o [1]
_A_PC_CR1               0x00500d   0x1  Data  Gb  spi.o [1]
_A_PC_DDR               0x00500c   0x1  Data  Gb  spi.o [1]
_A_PC_ODR               0x00500a   0x1  Data  Gb  spi.o [1]
_A_PD_CR1               0x005012   0x1  Data  Gb  uart.o [1]
_A_PD_CR2               0x005013   0x1  Data  Gb  uart.o [1]
_A_PD_DDR               0x005011   0x1  Data  Gb  uart.o [1]
_A_SPI_CR1              0x005200   0x1  Data  Gb  spi.o [1]
_A_SPI_ICR              0x005202   0x1  Data  Gb  spi.o [1]
_A_SPI_SR               0x005203   0x1  Data  Gb  spi.o [1]
_A_TIM1_CR1             0x005250   0x1  Data  Gb  uart.o [1]
_A_TIM1_IER             0x005254   0x1  Data  Gb  uart.o [1]
_A_TIM1_SR1             0x005255   0x1  Data  Gb  uart.o [1]
_A_TIM2_CCER1           0x00530a   0x1  Data  Gb  tim_pwm.o [1]
_A_TIM2_CCMR1           0x005307   0x1  Data  Gb  tim_pwm.o [1]
_A_TIM2_CR1             0x005300   0x1  Data  Gb  tim_pwm.o [1]
_A_TIM2_IER             0x005303   0x1  Data  Gb  tim_pwm.o [1]
_A_TIM2_PSCR            0x00530e   0x1  Data  Gb  tim_pwm.o [1]
_A_TIM2_SR1             0x005304   0x1  Data  Gb  tim_pwm.o [1]
_A_UART1_CR1            0x005234   0x1  Data  Gb  uart.o [1]
_A_UART1_CR2            0x005235   0x1  Data  Gb  uart.o [1]
_A_UART1_CR3            0x005236   0x1  Data  Gb  uart.o [1]
_A_UART1_SR             0x005230   0x1  Data  Gb  uart.o [1]
__DebugBreak            0x008612   0x1  Code  Gb  __dbg_break.o [3]
__exit                  0x0085b7  0x14  Code  Gb  __dbg_xxexit.o [3]
__iar_copy_init2        0x0084e7        Code  Gb  init_small.o [4]
__iar_data_init2        0x0085a3  0x14  Code  Gb  init.o [4]
__iar_program_start     0x0085cb        Code  Gb  cstartup.o [4]
__iar_unhandled_exception
                        0x00860d        Code  Gb  unhandled_exception.o [4]
__iar_zero_init2        0x008569        Code  Gb  init_small.o [4]
__intvec                0x008000        Data  Gb  interrupt.o [4]
__low_level_init        0x008607   0x3  Code  Gb  low_level_init.o [4]
_exit                   0x0085ff        Code  Gb  cexit.o [4]
_interrupt_12           0x00829f        Code  Gb  spi.o [1]
_interrupt_13           0x008449        Code  Gb  uart.o [1]
_interrupt_16           0x008533        Code  Gb  tim_pwm.o [1]
_interrupt_19           0x00840a        Code  Gb  uart.o [1]
_interrupt_20           0x008381        Code  Gb  uart.o [1]
exit                    0x00860a   0x3  Code  Gb  exit.o [4]
field_request           0x0084bb  0x2c  Code  Gb  spi.o [1]
main                    0x0082eb  0x4b  Code  Gb  main.o [1]
modbus_id               0x000049   0x1  Data  Lc  protocol.o [1]
modbus_init             0x008587  0x1c  Code  Gb  protocol.o [1]
parity                  0x00850f  0x24  Code  Lc  spi.o [1]
rxbuf                   0x000015  0x10  Data  Lc  uart.o [1]
rxbuf_ex                0x000035  0x10  Data  Gb  uart.o [1]
rxbuf_spi               0x000045   0x2  Data  Gb  spi.o [1]
rxbuf_spi_ex            0x000047   0x2  Data  Gb  spi.o [1]
rxhead                  0x00004a   0x1  Data  Lc  uart.o [1]
rxtail                  0x00004c   0x1  Data  Lc  uart.o [1]
spi_txe_rxne_interrupt  0x00829f  0x4c  Code  Gb  spi.o [1]
spi_txe_rxne_interrupt::i
                        0x00000c   0x1  Data  Lc  spi.o [1]
tim1_uart_handler       0x008449  0x3b  Code  Gb  uart.o [1]
tim1_uart_init          0x008484  0x37  Code  Gb  uart.o [1]
tim2_cc1_interrupt      0x008533  0x24  Code  Gb  tim_pwm.o [1]
tim2_pwm_init           0x008336  0x4b  Code  Gb  tim_pwm.o [1]
timer1_arr              0x000011   0x2  Data  Lc  uart.o [1]
timer1_pscr             0x000013   0x2  Data  Lc  uart.o [1]
timer2_arr              0x00000d   0x2  Data  Lc  tim_pwm.o [1]
timer2_ccr1             0x00000f   0x2  Data  Lc  tim_pwm.o [1]
txbuf                   0x000025  0x10  Data  Lc  uart.o [1]
txhead                  0x00004d   0x1  Data  Lc  uart.o [1]
txtail                  0x00004b   0x1  Data  Lc  uart.o [1]
uart_rxne_interrupt     0x008381  0x45  Code  Gb  uart.o [1]
uart_tx                 0x0083c6  0x44  Code  Gb  uart.o [1]
uart_txe_interrupt      0x00840a  0x3f  Code  Gb  uart.o [1]


[1] = C:\Users\User\Documents\GitHub\servo_dmx\Debug\Obj
[2] = command line
[3] = dbgstm8smd.a
[4] = dlstm8smn.a

  1 398 bytes of readonly  code memory
    157 bytes of readonly  data memory
    334 bytes of readwrite data memory (+ 42 absolute)

Errors: none
Warnings: none
